{"level":"info","message":"Server running on port 4000","timestamp":"2026-04-16T11:31:02.944Z"}
{"level":"error","message":"User Not found","timestamp":"2026-04-17T10:34:20.980Z"}
{"level":"error","message":"User Not found","timestamp":"2026-04-17T10:34:49.281Z"}
{"level":"error","message":"User Not found","timestamp":"2026-04-17T10:52:18.390Z"}
{"level":"error","message":"User Not found","timestamp":"2026-04-17T10:52:25.247Z"}
{"level":"error","message":"User Not found","timestamp":"2026-04-17T10:52:34.575Z"}
{"level":"error","message":"User Not found","timestamp":"2026-04-17T10:52:52.008Z"}
{"level":"error","message":"User Not found","timestamp":"2026-04-17T10:53:46.716Z"}
{"level":"error","message":"User Not found","timestamp":"2026-04-17T10:54:05.212Z"}
{"level":"error","message":"User Not found","timestamp":"2026-04-17T10:54:27.955Z"}
{"level":"error","message":"User Not found","timestamp":"2026-04-17T10:56:34.292Z"}
{"level":"error","message":"Invalid Credentials","timestamp":"2026-04-17T11:50:31.852Z"}
{"level":"error","message":"Not Found -/api/v1/auth/me","timestamp":"2026-04-18T05:55:49.241Z"}
{"level":"error","message":"Not Found -/api/v1/auth/me","timestamp":"2026-04-18T05:55:49.245Z"}
{"level":"error","message":"Not Found -/api/v1/auth/me","timestamp":"2026-04-18T05:56:52.787Z"}
{"level":"error","message":"Not Found -/api/v1/auth/me","timestamp":"2026-04-18T05:56:52.791Z"}
{"level":"error","message":"User Not found","timestamp":"2026-04-18T05:58:02.286Z"}
{"level":"error","message":"User Not found","timestamp":"2026-04-18T05:59:48.481Z"}
{"level":"error","message":"Not Found -/api/v1/projects","timestamp":"2026-04-18T10:18:55.874Z"}
{"level":"error","message":"Not Found -/api/v1/projects","timestamp":"2026-04-18T10:18:55.881Z"}
{"level":"error","message":"User Not found","timestamp":"2026-04-18T11:09:30.094Z"}
{"level":"error","message":"User Not found","timestamp":"2026-04-18T11:13:05.925Z"}
{"level":"error","message":"User Not found","timestamp":"2026-04-18T11:13:26.629Z"}
{"level":"error","message":"Invalid token","timestamp":"2026-04-20T07:17:08.248Z"}
{"level":"error","message":"Invalid token","timestamp":"2026-04-20T07:17:12.955Z"}
{"level":"error","message":"Invalid token","timestamp":"2026-04-20T07:18:08.379Z"}
{"level":"error","message":"Invalid token","timestamp":"2026-04-20T07:18:08.593Z"}
{"level":"error","message":"Invalid token","timestamp":"2026-04-20T07:18:08.736Z"}
{"level":"error","message":"Invalid token","timestamp":"2026-04-20T07:18:08.996Z"}
{"level":"error","message":"Invalid token","timestamp":"2026-04-20T07:18:09.247Z"}
{"level":"error","message":"Invalid token","timestamp":"2026-04-20T07:18:09.442Z"}
{"level":"error","message":"Invalid token","timestamp":"2026-04-20T07:18:09.592Z"}
{"level":"error","message":"Invalid token","timestamp":"2026-04-20T07:18:09.724Z"}
{"level":"error","message":"Invalid token","timestamp":"2026-04-20T07:18:09.853Z"}
{"level":"error","message":"Invalid token","timestamp":"2026-04-20T07:18:09.992Z"}
{"level":"error","message":"Invalid token","timestamp":"2026-04-20T07:18:10.126Z"}
{"level":"error","message":"Invalid token","timestamp":"2026-04-20T07:18:10.258Z"}
{"level":"error","message":"Invalid token","timestamp":"2026-04-20T07:18:10.384Z"}
{"level":"error","message":"Invalid token","timestamp":"2026-04-20T07:18:10.533Z"}
{"level":"error","message":"Invalid token","timestamp":"2026-04-20T07:18:10.655Z"}
{"level":"error","message":"Invalid token","timestamp":"2026-04-20T07:18:10.792Z"}
{"level":"error","message":"Invalid token","timestamp":"2026-04-20T07:18:10.932Z"}
{"level":"error","message":"Invalid token","timestamp":"2026-04-20T07:18:11.070Z"}
{"level":"error","message":"Invalid token","timestamp":"2026-04-20T07:18:11.193Z"}
{"level":"error","message":"Invalid token","timestamp":"2026-04-20T07:18:11.316Z"}
{"level":"error","message":"Invalid token","timestamp":"2026-04-20T07:18:11.474Z"}
{"level":"error","message":"Invalid token","timestamp":"2026-04-20T07:18:11.742Z"}
{"level":"error","message":"Invalid token","timestamp":"2026-04-20T07:18:11.989Z"}
{"level":"error","message":"Invalid token","timestamp":"2026-04-20T07:18:12.245Z"}
{"level":"error","message":"Invalid token","timestamp":"2026-04-20T07:18:12.489Z"}
{"level":"error","message":"Invalid token","timestamp":"2026-04-20T07:18:12.674Z"}
{"level":"error","message":"Invalid token","timestamp":"2026-04-20T07:18:12.822Z"}
{"level":"error","message":"Invalid token","timestamp":"2026-04-20T07:18:13.019Z"}
{"level":"error","message":"Invalid token","timestamp":"2026-04-20T07:18:13.250Z"}
{"level":"error","message":"Invalid token","timestamp":"2026-04-20T07:18:13.514Z"}
{"level":"error","message":"Invalid token","timestamp":"2026-04-20T07:18:13.789Z"}
{"level":"error","message":"Invalid token","timestamp":"2026-04-20T07:18:14.059Z"}
{"level":"error","message":"Invalid token","timestamp":"2026-04-20T07:18:14.186Z"}
{"level":"error","message":"Invalid token","timestamp":"2026-04-20T07:18:14.308Z"}
{"level":"error","message":"Invalid token","timestamp":"2026-04-20T07:18:14.436Z"}
{"level":"error","message":"Invalid token","timestamp":"2026-04-20T07:18:14.570Z"}
{"level":"error","message":"Invalid token","timestamp":"2026-04-20T07:18:14.698Z"}
{"level":"error","message":"Invalid token","timestamp":"2026-04-20T07:18:14.836Z"}
{"level":"error","message":"Invalid token","timestamp":"2026-04-20T07:18:14.989Z"}
{"level":"error","message":"Invalid token","timestamp":"2026-04-20T07:18:15.131Z"}
{"level":"error","message":"Invalid token","timestamp":"2026-04-20T07:18:15.268Z"}
{"level":"error","message":"Invalid token","timestamp":"2026-04-20T07:18:15.399Z"}
{"level":"error","message":"Invalid token","timestamp":"2026-04-20T07:18:15.536Z"}
{"level":"error","message":"Invalid token","timestamp":"2026-04-20T07:18:15.653Z"}
{"level":"error","message":"Invalid token","timestamp":"2026-04-20T07:18:15.784Z"}
{"level":"error","message":"Invalid token","timestamp":"2026-04-20T07:18:15.929Z"}
{"level":"error","message":"Invalid token","timestamp":"2026-04-20T07:18:16.089Z"}
{"level":"error","message":"Invalid token","timestamp":"2026-04-20T07:18:16.222Z"}
{"level":"error","message":"Invalid token","timestamp":"2026-04-20T07:18:16.380Z"}
{"level":"error","message":"Invalid token","timestamp":"2026-04-20T07:18:16.502Z"}
{"level":"error","message":"Invalid token","timestamp":"2026-04-20T07:18:16.634Z"}
{"level":"error","message":"Invalid token","timestamp":"2026-04-20T07:18:16.753Z"}
{"level":"error","message":"Invalid token","timestamp":"2026-04-20T07:18:16.868Z"}
{"level":"error","message":"Invalid token","timestamp":"2026-04-20T07:18:17.003Z"}
{"level":"error","message":"Invalid token","timestamp":"2026-04-20T07:18:17.119Z"}
{"level":"error","message":"Invalid token","timestamp":"2026-04-20T07:18:17.233Z"}
{"level":"error","message":"Invalid token","timestamp":"2026-04-20T07:18:17.339Z"}
{"level":"error","message":"Invalid token","timestamp":"2026-04-20T07:18:17.450Z"}
{"level":"error","message":"Invalid token","timestamp":"2026-04-20T07:18:17.565Z"}
{"level":"error","message":"Invalid token","timestamp":"2026-04-20T07:18:17.682Z"}
{"level":"error","message":"Invalid token","timestamp":"2026-04-20T07:18:17.819Z"}
{"level":"error","message":"Invalid token","timestamp":"2026-04-20T07:18:17.926Z"}
{"level":"error","message":"Invalid token","timestamp":"2026-04-20T07:18:18.059Z"}
{"level":"error","message":"Invalid token","timestamp":"2026-04-20T07:18:18.177Z"}
{"level":"error","message":"Invalid token","timestamp":"2026-04-20T07:18:18.290Z"}
{"level":"error","message":"Invalid token","timestamp":"2026-04-20T07:18:18.407Z"}
{"level":"error","message":"Invalid token","timestamp":"2026-04-20T07:18:18.535Z"}
{"level":"error","message":"Invalid token","timestamp":"2026-04-20T07:18:18.666Z"}
{"level":"error","message":"Invalid token","timestamp":"2026-04-20T07:18:18.800Z"}
{"level":"error","message":"Invalid token","timestamp":"2026-04-20T07:18:18.956Z"}
{"level":"error","message":"Invalid token","timestamp":"2026-04-20T07:18:19.114Z"}
{"level":"error","message":"Invalid token","timestamp":"2026-04-20T07:18:19.310Z"}
{"level":"error","message":"Invalid token","timestamp":"2026-04-20T07:18:19.461Z"}
{"level":"error","message":"Invalid token","timestamp":"2026-04-20T07:18:19.597Z"}
{"level":"error","message":"Invalid token","timestamp":"2026-04-20T07:18:19.731Z"}
{"level":"error","message":"Invalid token","timestamp":"2026-04-20T07:18:19.850Z"}
{"level":"error","message":"Invalid token","timestamp":"2026-04-20T07:18:19.967Z"}
{"level":"error","message":"Invalid token","timestamp":"2026-04-20T07:18:20.083Z"}
{"level":"error","message":"Invalid token","timestamp":"2026-04-20T07:18:20.194Z"}
{"level":"error","message":"Invalid token","timestamp":"2026-04-20T07:18:20.305Z"}
{"level":"error","message":"Invalid token","timestamp":"2026-04-20T07:19:22.950Z"}
{"level":"error","message":"Invalid token","timestamp":"2026-04-20T07:19:23.475Z"}
{"level":"error","message":"Invalid token","timestamp":"2026-04-20T07:19:24.033Z"}
{"level":"error","message":"Invalid token","timestamp":"2026-04-20T07:19:24.509Z"}
{"level":"error","message":"Invalid token","timestamp":"2026-04-20T07:19:24.969Z"}
{"level":"error","message":"Invalid token","timestamp":"2026-04-20T07:19:25.400Z"}
{"level":"error","message":"Invalid token","timestamp":"2026-04-20T07:19:25.863Z"}
{"level":"error","message":"Invalid token","timestamp":"2026-04-20T07:19:26.340Z"}
{"level":"error","message":"Invalid token","timestamp":"2026-04-20T07:19:26.806Z"}
{"level":"error","message":"Invalid token","timestamp":"2026-04-20T07:19:27.284Z"}
{"level":"error","message":"Invalid token","timestamp":"2026-04-20T07:19:27.839Z"}
{"level":"error","message":"Invalid token","timestamp":"2026-04-20T07:19:28.443Z"}
{"level":"error","message":"Invalid token","timestamp":"2026-04-20T07:19:28.891Z"}
{"level":"error","message":"Invalid token","timestamp":"2026-04-20T07:19:29.389Z"}
{"level":"error","message":"Invalid token","timestamp":"2026-04-20T07:21:20.590Z"}
{"level":"error","message":"Invalid token","timestamp":"2026-04-20T07:21:27.234Z"}
{"level":"error","message":"Invalid namespace specified: /collaborate.users","timestamp":"2026-04-20T07:24:44.903Z"}
{"level":"error","message":"Invalid namespace specified: /collaborate.users","timestamp":"2026-04-20T07:25:06.235Z"}
{"level":"error","message":"Invalid namespace specified: /collaborate.users","timestamp":"2026-04-20T07:25:21.594Z"}
{"level":"error","message":"Invalid namespace specified: /collaborate.users","timestamp":"2026-04-20T07:28:36.225Z"}
{"level":"error","message":"Invalid token","timestamp":"2026-04-21T09:42:36.264Z"}
{"level":"error","message":"Invalid token","timestamp":"2026-04-21T09:42:36.276Z"}
{"level":"error","message":"Not Found -/api/v1/task/id=69e5daae03361d508401d3a1","timestamp":"2026-04-22T05:26:16.249Z"}
{"level":"error","message":"Not Found -/api/v1/task/id=69e5daae03361d508401d3a1","timestamp":"2026-04-22T05:26:16.249Z"}
{"level":"error","message":"Not Found -/api/v1/task/69e5daae03361d508401d3a1","timestamp":"2026-04-22T05:26:45.704Z"}
{"level":"error","message":"Not Found -/api/v1/task/69e5daae03361d508401d3a1","timestamp":"2026-04-22T05:26:45.705Z"}
{"level":"error","message":"Not Found -/api/v1/task/69e5daae03361d508401d3a1","timestamp":"2026-04-22T05:26:53.357Z"}
{"level":"error","message":"Not Found -/api/v1/task/69e5daae03361d508401d3a1","timestamp":"2026-04-22T05:26:53.357Z"}
{"level":"error","message":"Not authorized for this project","timestamp":"2026-04-22T05:28:20.904Z"}
{"level":"error","message":"Not authorized for this project","timestamp":"2026-04-22T05:28:40.668Z"}
{"level":"error","message":"Not authorized for this project","timestamp":"2026-04-22T05:29:48.879Z"}
{"level":"error","message":"Task validation failed: assignedTo: Cast to ObjectId failed for value \"\" (type string) at path \"assignedTo\" because of \"BSONError\"","timestamp":"2026-04-22T05:36:14.694Z"}
{"level":"error","message":"Task validation failed: assignedTo: Cast to ObjectId failed for value \"\" (type string) at path \"assignedTo\" because of \"BSONError\"","timestamp":"2026-04-22T05:36:31.582Z"}
{"level":"error","message":"Task validation failed: assignedTo: Cast to ObjectId failed for value \"\" (type string) at path \"assignedTo\" because of \"BSONError\"","timestamp":"2026-04-22T05:37:39.054Z"}
{"level":"error","message":"Task validation failed: assignedTo: Cast to ObjectId failed for value \"\" (type string) at path \"assignedTo\" because of \"BSONError\"","timestamp":"2026-04-22T05:40:21.437Z"}
{"level":"error","message":"Task validation failed: assignedTo: Cast to ObjectId failed for value \"\" (type string) at path \"assignedTo\" because of \"BSONError\"","timestamp":"2026-04-22T05:40:39.937Z"}
{"level":"error","message":"getaddrinfo EAI_AGAIN trainingcluster-shard-00-02.uvtxi.mongodb.net","timestamp":"2026-04-22T06:41:51.239Z"}
{"level":"error","message":"getaddrinfo EAI_AGAIN trainingcluster-shard-00-02.uvtxi.mongodb.net","timestamp":"2026-04-22T06:41:51.257Z"}
{"level":"error","message":"Not Found -/api/v1/me","timestamp":"2026-04-22T06:52:25.804Z"}
{"level":"error","message":"Not Found -/api/v1/me","timestamp":"2026-04-22T06:52:25.804Z"}
{"level":"error","message":"Not Found -/api/v1/me","timestamp":"2026-04-22T07:29:14.306Z"}
{"level":"error","message":"Not Found -/api/v1/me","timestamp":"2026-04-22T07:29:14.306Z"}
{"level":"error","message":"Not Found -/api/v1/me","timestamp":"2026-04-22T07:30:38.691Z"}
{"level":"error","message":"Not Found -/api/v1/me","timestamp":"2026-04-22T07:30:38.692Z"}
{"level":"error","message":"Not Found -/api/v1/users","timestamp":"2026-04-22T07:30:40.838Z"}
{"level":"error","message":"Not Found -/api/v1/users","timestamp":"2026-04-22T07:30:40.839Z"}
{"level":"error","message":"Not Found -/api/v1/me","timestamp":"2026-04-22T07:38:00.013Z"}
{"level":"error","message":"Not Found -/api/v1/me","timestamp":"2026-04-22T07:38:00.017Z"}
{"level":"error","message":"Not Found -/api/v1/me","timestamp":"2026-04-22T08:39:36.213Z"}
{"level":"error","message":"Not Found -/api/v1/me","timestamp":"2026-04-22T08:39:36.217Z"}
{"level":"error","message":"getaddrinfo EAI_AGAIN trainingcluster-shard-00-02.uvtxi.mongodb.net","timestamp":"2026-04-22T08:39:36.257Z"}
{"level":"error","message":"Not Found -/api/v1/me","timestamp":"2026-04-22T09:24:25.158Z"}
{"level":"error","message":"Not Found -/api/v1/me","timestamp":"2026-04-22T09:24:25.158Z"}
{"level":"error","message":"Not Found -/api/v1/me","timestamp":"2026-04-22T09:24:29.792Z"}
{"level":"error","message":"Not Found -/api/v1/me","timestamp":"2026-04-22T09:24:29.793Z"}
{"level":"error","message":"getaddrinfo EAI_AGAIN trainingcluster-shard-00-00.uvtxi.mongodb.net","timestamp":"2026-04-22T09:24:35.291Z"}
{"level":"error","message":"getaddrinfo EAI_AGAIN trainingcluster-shard-00-00.uvtxi.mongodb.net","timestamp":"2026-04-22T09:24:49.436Z"}
{"level":"error","message":"getaddrinfo EAI_AGAIN trainingcluster-shard-00-00.uvtxi.mongodb.net","timestamp":"2026-04-22T09:27:00.609Z"}
{"level":"error","message":"User not part of project","timestamp":"2026-04-22T09:28:14.806Z"}
{"level":"error","message":"User not part of project","timestamp":"2026-04-22T09:35:57.701Z"}
{"level":"error","message":"Invalid Credentials","timestamp":"2026-04-22T09:36:26.885Z"}
{"level":"error","message":"Invalid Credentials","timestamp":"2026-04-22T09:36:40.662Z"}
{"level":"error","message":"Invalid Credentials","timestamp":"2026-04-22T09:36:46.839Z"}
{"level":"error","message":"Invalid Credentials","timestamp":"2026-04-22T09:37:50.372Z"}
{"level":"error","message":"Invalid Credentials","timestamp":"2026-04-22T09:37:58.858Z"}
{"level":"error","message":"Invalid Credentials","timestamp":"2026-04-22T09:38:59.914Z"}
{"level":"error","message":"User not part of project","timestamp":"2026-04-22T09:39:30.461Z"}
{"level":"error","message":"Invalid token","timestamp":"2026-04-23T10:06:30.477Z"}
{"level":"error","message":"Unauthorized","timestamp":"2026-04-23T10:06:36.391Z"}
{"level":"error","message":"Not Found -/api/v1/comments/69e897afbeb772ae9e55e6ca","timestamp":"2026-04-25T07:09:31.456Z"}
{"level":"error","message":"Not Found -/api/v1/comments/69e897afbeb772ae9e55e6ca","timestamp":"2026-04-25T07:09:31.458Z"}
{"level":"error","message":"Not Found -/api/v1/activity/69e897afbeb772ae9e55e6ca","timestamp":"2026-04-25T07:09:31.460Z"}
{"level":"error","message":"Not Found -/api/v1/activity/69e897afbeb772ae9e55e6ca","timestamp":"2026-04-25T07:09:31.461Z"}
{"level":"error","message":"Not Found -/api/v1/comments/69e8979dbeb772ae9e55e6bf","timestamp":"2026-04-25T07:09:44.277Z"}
{"level":"error","message":"Not Found -/api/v1/comments/69e8979dbeb772ae9e55e6bf","timestamp":"2026-04-25T07:09:44.278Z"}
{"level":"error","message":"Not Found -/api/v1/activity/69e8979dbeb772ae9e55e6bf","timestamp":"2026-04-25T07:09:44.280Z"}
{"level":"error","message":"Not Found -/api/v1/activity/69e8979dbeb772ae9e55e6bf","timestamp":"2026-04-25T07:09:44.281Z"}
{"level":"error","message":"Not Found -/api/v1/comments/69e897afbeb772ae9e55e6ca","timestamp":"2026-04-25T07:11:00.030Z"}
{"level":"error","message":"Not Found -/api/v1/comments/69e897afbeb772ae9e55e6ca","timestamp":"2026-04-25T07:11:00.031Z"}
{"level":"error","message":"Not Found -/api/v1/activity/69e897afbeb772ae9e55e6ca","timestamp":"2026-04-25T07:11:00.043Z"}
{"level":"error","message":"Not Found -/api/v1/activity/69e897afbeb772ae9e55e6ca","timestamp":"2026-04-25T07:11:00.043Z"}
{"level":"error","message":"Not Found -/api/v1/comments/69e8979dbeb772ae9e55e6bf","timestamp":"2026-04-25T07:13:53.675Z"}
{"level":"error","message":"Not Found -/api/v1/comments/69e8979dbeb772ae9e55e6bf","timestamp":"2026-04-25T07:13:53.676Z"}
{"level":"error","message":"Not Found -/api/v1/activity/69e8979dbeb772ae9e55e6bf","timestamp":"2026-04-25T07:13:53.689Z"}
{"level":"error","message":"Not Found -/api/v1/activity/69e8979dbeb772ae9e55e6bf","timestamp":"2026-04-25T07:13:53.690Z"}
{"level":"error","message":"Cannot read properties of undefined (reading 'orgId')","timestamp":"2026-04-25T07:21:14.813Z"}
{"level":"error","message":"Cannot read properties of undefined (reading 'orgId')","timestamp":"2026-04-25T07:22:03.228Z"}
{"level":"error","message":"Invalid token","timestamp":"2026-04-27T04:58:43.577Z"}
{"level":"error","message":"Invalid token","timestamp":"2026-04-27T04:58:43.662Z"}
{"level":"error","message":"Not Found -/api/v1/activity/69e897afbeb772ae9e55e6ca","timestamp":"2026-04-27T07:36:25.923Z"}
{"level":"error","message":"Not Found -/api/v1/activity/69e897afbeb772ae9e55e6ca","timestamp":"2026-04-27T07:36:25.925Z"}
{"level":"error","message":"Comment cannot be empty","timestamp":"2026-04-27T07:38:11.440Z"}
{"level":"error","message":"Cast to ObjectId failed for value \"undefined\" (type string) at path \"_id\" for model \"Task\"","timestamp":"2026-04-27T10:02:42.510Z"}
{"level":"error","message":"Cast to ObjectId failed for value \"undefined\" (type string) at path \"_id\" for model \"Task\"","timestamp":"2026-04-27T10:02:48.036Z"}
{"level":"error","message":"Cast to ObjectId failed for value \"undefined\" (type string) at path \"_id\" for model \"Task\"","timestamp":"2026-04-27T10:02:56.752Z"}
{"level":"error","message":"Cast to ObjectId failed for value \"undefined\" (type string) at path \"_id\" for model \"Task\"","timestamp":"2026-04-27T10:03:48.556Z"}
{"level":"error","message":"Cast to ObjectId failed for value \"undefined\" (type string) at path \"_id\" for model \"Task\"","timestamp":"2026-04-27T11:20:04.142Z"}
{"level":"error","message":"Invalid token","timestamp":"2026-04-28T05:39:34.249Z"}
{"level":"error","message":"Invalid token","timestamp":"2026-04-28T05:39:34.265Z"}
{"level":"error","message":"Invalid Credentials","timestamp":"2026-04-28T05:53:13.008Z"}
{"level":"error","message":"Task validation failed: assignedTo: Cast to ObjectId failed for value \"Select User\" (type string) at path \"assignedTo\" because of \"BSONError\"","timestamp":"2026-04-28T06:30:05.189Z"}
{"level":"error","message":"Task validation failed: assignedTo: Cast to ObjectId failed for value \"\" (type string) at path \"assignedTo\" because of \"BSONError\"","timestamp":"2026-04-28T06:32:39.563Z"}
{"level":"error","message":"Task validation failed: assignedTo: Cast to ObjectId failed for value \"\" (type string) at path \"assignedTo\" because of \"BSONError\"","timestamp":"2026-04-28T06:33:30.531Z"}
