{"level":"error","message":"User Not found","timestamp":"2026-04-17T10:34:20.980Z"}
{"level":"error","message":"User Not found","timestamp":"2026-04-17T10:34:49.281Z"}
{"level":"error","message":"User Not found","timestamp":"2026-04-17T10:52:18.390Z"}
{"level":"error","message":"User Not found","timestamp":"2026-04-17T10:52:25.247Z"}
{"level":"error","message":"User Not found","timestamp":"2026-04-17T10:52:34.575Z"}
{"level":"error","message":"User Not found","timestamp":"2026-04-17T10:52:52.008Z"}
{"level":"error","message":"User Not found","timestamp":"2026-04-17T10:53:46.716Z"}
{"level":"error","message":"User Not found","timestamp":"2026-04-17T10:54:05.212Z"}
{"level":"error","message":"User Not found","timestamp":"2026-04-17T10:54:27.955Z"}
{"level":"error","message":"User Not found","timestamp":"2026-04-17T10:56:34.292Z"}
{"level":"error","message":"Invalid Credentials","timestamp":"2026-04-17T11:50:31.852Z"}
{"level":"error","message":"Not Found -/api/v1/auth/me","timestamp":"2026-04-18T05:55:49.241Z"}
{"level":"error","message":"Not Found -/api/v1/auth/me","timestamp":"2026-04-18T05:55:49.245Z"}
{"level":"error","message":"Not Found -/api/v1/auth/me","timestamp":"2026-04-18T05:56:52.787Z"}
{"level":"error","message":"Not Found -/api/v1/auth/me","timestamp":"2026-04-18T05:56:52.791Z"}
{"level":"error","message":"User Not found","timestamp":"2026-04-18T05:58:02.286Z"}
{"level":"error","message":"User Not found","timestamp":"2026-04-18T05:59:48.481Z"}
{"level":"error","message":"Not Found -/api/v1/projects","timestamp":"2026-04-18T10:18:55.874Z"}
{"level":"error","message":"Not Found -/api/v1/projects","timestamp":"2026-04-18T10:18:55.881Z"}
{"level":"error","message":"User Not found","timestamp":"2026-04-18T11:09:30.094Z"}
{"level":"error","message":"User Not found","timestamp":"2026-04-18T11:13:05.925Z"}
{"level":"error","message":"User Not found","timestamp":"2026-04-18T11:13:26.629Z"}
{"level":"error","message":"Invalid token","timestamp":"2026-04-20T07:17:08.248Z"}
{"level":"error","message":"Invalid token","timestamp":"2026-04-20T07:17:12.955Z"}
{"level":"error","message":"Invalid token","timestamp":"2026-04-20T07:18:08.379Z"}
{"level":"error","message":"Invalid token","timestamp":"2026-04-20T07:18:08.593Z"}
{"level":"error","message":"Invalid token","timestamp":"2026-04-20T07:18:08.736Z"}
{"level":"error","message":"Invalid token","timestamp":"2026-04-20T07:18:08.996Z"}
{"level":"error","message":"Invalid token","timestamp":"2026-04-20T07:18:09.247Z"}
{"level":"error","message":"Invalid token","timestamp":"2026-04-20T07:18:09.442Z"}
{"level":"error","message":"Invalid token","timestamp":"2026-04-20T07:18:09.592Z"}
{"level":"error","message":"Invalid token","timestamp":"2026-04-20T07:18:09.724Z"}
{"level":"error","message":"Invalid token","timestamp":"2026-04-20T07:18:09.853Z"}
{"level":"error","message":"Invalid token","timestamp":"2026-04-20T07:18:09.992Z"}
{"level":"error","message":"Invalid token","timestamp":"2026-04-20T07:18:10.126Z"}
{"level":"error","message":"Invalid token","timestamp":"2026-04-20T07:18:10.258Z"}
{"level":"error","message":"Invalid token","timestamp":"2026-04-20T07:18:10.384Z"}
{"level":"error","message":"Invalid token","timestamp":"2026-04-20T07:18:10.533Z"}
{"level":"error","message":"Invalid token","timestamp":"2026-04-20T07:18:10.655Z"}
{"level":"error","message":"Invalid token","timestamp":"2026-04-20T07:18:10.792Z"}
{"level":"error","message":"Invalid token","timestamp":"2026-04-20T07:18:10.932Z"}
{"level":"error","message":"Invalid token","timestamp":"2026-04-20T07:18:11.070Z"}
{"level":"error","message":"Invalid token","timestamp":"2026-04-20T07:18:11.193Z"}
{"level":"error","message":"Invalid token","timestamp":"2026-04-20T07:18:11.316Z"}
{"level":"error","message":"Invalid token","timestamp":"2026-04-20T07:18:11.474Z"}
{"level":"error","message":"Invalid token","timestamp":"2026-04-20T07:18:11.742Z"}
{"level":"error","message":"Invalid token","timestamp":"2026-04-20T07:18:11.989Z"}
{"level":"error","message":"Invalid token","timestamp":"2026-04-20T07:18:12.245Z"}
{"level":"error","message":"Invalid token","timestamp":"2026-04-20T07:18:12.489Z"}
{"level":"error","message":"Invalid token","timestamp":"2026-04-20T07:18:12.674Z"}
{"level":"error","message":"Invalid token","timestamp":"2026-04-20T07:18:12.822Z"}
{"level":"error","message":"Invalid token","timestamp":"2026-04-20T07:18:13.019Z"}
{"level":"error","message":"Invalid token","timestamp":"2026-04-20T07:18:13.250Z"}
{"level":"error","message":"Invalid token","timestamp":"2026-04-20T07:18:13.514Z"}
{"level":"error","message":"Invalid token","timestamp":"2026-04-20T07:18:13.789Z"}
{"level":"error","message":"Invalid token","timestamp":"2026-04-20T07:18:14.059Z"}
{"level":"error","message":"Invalid token","timestamp":"2026-04-20T07:18:14.186Z"}
{"level":"error","message":"Invalid token","timestamp":"2026-04-20T07:18:14.308Z"}
{"level":"error","message":"Invalid token","timestamp":"2026-04-20T07:18:14.436Z"}
{"level":"error","message":"Invalid token","timestamp":"2026-04-20T07:18:14.570Z"}
{"level":"error","message":"Invalid token","timestamp":"2026-04-20T07:18:14.698Z"}
{"level":"error","message":"Invalid token","timestamp":"2026-04-20T07:18:14.836Z"}
{"level":"error","message":"Invalid token","timestamp":"2026-04-20T07:18:14.989Z"}
{"level":"error","message":"Invalid token","timestamp":"2026-04-20T07:18:15.131Z"}
{"level":"error","message":"Invalid token","timestamp":"2026-04-20T07:18:15.268Z"}
{"level":"error","message":"Invalid token","timestamp":"2026-04-20T07:18:15.399Z"}
{"level":"error","message":"Invalid token","timestamp":"2026-04-20T07:18:15.536Z"}
{"level":"error","message":"Invalid token","timestamp":"2026-04-20T07:18:15.653Z"}
{"level":"error","message":"Invalid token","timestamp":"2026-04-20T07:18:15.784Z"}
{"level":"error","message":"Invalid token","timestamp":"2026-04-20T07:18:15.929Z"}
{"level":"error","message":"Invalid token","timestamp":"2026-04-20T07:18:16.089Z"}
{"level":"error","message":"Invalid token","timestamp":"2026-04-20T07:18:16.222Z"}
{"level":"error","message":"Invalid token","timestamp":"2026-04-20T07:18:16.380Z"}
{"level":"error","message":"Invalid token","timestamp":"2026-04-20T07:18:16.502Z"}
{"level":"error","message":"Invalid token","timestamp":"2026-04-20T07:18:16.634Z"}
{"level":"error","message":"Invalid token","timestamp":"2026-04-20T07:18:16.753Z"}
{"level":"error","message":"Invalid token","timestamp":"2026-04-20T07:18:16.868Z"}
{"level":"error","message":"Invalid token","timestamp":"2026-04-20T07:18:17.003Z"}
{"level":"error","message":"Invalid token","timestamp":"2026-04-20T07:18:17.119Z"}
{"level":"error","message":"Invalid token","timestamp":"2026-04-20T07:18:17.233Z"}
{"level":"error","message":"Invalid token","timestamp":"2026-04-20T07:18:17.339Z"}
{"level":"error","message":"Invalid token","timestamp":"2026-04-20T07:18:17.450Z"}
{"level":"error","message":"Invalid token","timestamp":"2026-04-20T07:18:17.565Z"}
{"level":"error","message":"Invalid token","timestamp":"2026-04-20T07:18:17.682Z"}
{"level":"error","message":"Invalid token","timestamp":"2026-04-20T07:18:17.819Z"}
{"level":"error","message":"Invalid token","timestamp":"2026-04-20T07:18:17.926Z"}
{"level":"error","message":"Invalid token","timestamp":"2026-04-20T07:18:18.059Z"}
{"level":"error","message":"Invalid token","timestamp":"2026-04-20T07:18:18.177Z"}
{"level":"error","message":"Invalid token","timestamp":"2026-04-20T07:18:18.290Z"}
{"level":"error","message":"Invalid token","timestamp":"2026-04-20T07:18:18.407Z"}
{"level":"error","message":"Invalid token","timestamp":"2026-04-20T07:18:18.535Z"}
{"level":"error","message":"Invalid token","timestamp":"2026-04-20T07:18:18.666Z"}
{"level":"error","message":"Invalid token","timestamp":"2026-04-20T07:18:18.800Z"}
{"level":"error","message":"Invalid token","timestamp":"2026-04-20T07:18:18.956Z"}
{"level":"error","message":"Invalid token","timestamp":"2026-04-20T07:18:19.114Z"}
{"level":"error","message":"Invalid token","timestamp":"2026-04-20T07:18:19.310Z"}
{"level":"error","message":"Invalid token","timestamp":"2026-04-20T07:18:19.461Z"}
{"level":"error","message":"Invalid token","timestamp":"2026-04-20T07:18:19.597Z"}
{"level":"error","message":"Invalid token","timestamp":"2026-04-20T07:18:19.731Z"}
{"level":"error","message":"Invalid token","timestamp":"2026-04-20T07:18:19.850Z"}
{"level":"error","message":"Invalid token","timestamp":"2026-04-20T07:18:19.967Z"}
{"level":"error","message":"Invalid token","timestamp":"2026-04-20T07:18:20.083Z"}
{"level":"error","message":"Invalid token","timestamp":"2026-04-20T07:18:20.194Z"}
{"level":"error","message":"Invalid token","timestamp":"2026-04-20T07:18:20.305Z"}
{"level":"error","message":"Invalid token","timestamp":"2026-04-20T07:19:22.950Z"}
{"level":"error","message":"Invalid token","timestamp":"2026-04-20T07:19:23.475Z"}
{"level":"error","message":"Invalid token","timestamp":"2026-04-20T07:19:24.033Z"}
{"level":"error","message":"Invalid token","timestamp":"2026-04-20T07:19:24.509Z"}
{"level":"error","message":"Invalid token","timestamp":"2026-04-20T07:19:24.969Z"}
{"level":"error","message":"Invalid token","timestamp":"2026-04-20T07:19:25.400Z"}
{"level":"error","message":"Invalid token","timestamp":"2026-04-20T07:19:25.863Z"}
{"level":"error","message":"Invalid token","timestamp":"2026-04-20T07:19:26.340Z"}
{"level":"error","message":"Invalid token","timestamp":"2026-04-20T07:19:26.806Z"}
{"level":"error","message":"Invalid token","timestamp":"2026-04-20T07:19:27.284Z"}
{"level":"error","message":"Invalid token","timestamp":"2026-04-20T07:19:27.839Z"}
{"level":"error","message":"Invalid token","timestamp":"2026-04-20T07:19:28.443Z"}
{"level":"error","message":"Invalid token","timestamp":"2026-04-20T07:19:28.891Z"}
{"level":"error","message":"Invalid token","timestamp":"2026-04-20T07:19:29.389Z"}
{"level":"error","message":"Invalid token","timestamp":"2026-04-20T07:21:20.590Z"}
{"level":"error","message":"Invalid token","timestamp":"2026-04-20T07:21:27.234Z"}
{"level":"error","message":"Invalid namespace specified: /collaborate.users","timestamp":"2026-04-20T07:24:44.903Z"}
{"level":"error","message":"Invalid namespace specified: /collaborate.users","timestamp":"2026-04-20T07:25:06.235Z"}
{"level":"error","message":"Invalid namespace specified: /collaborate.users","timestamp":"2026-04-20T07:25:21.594Z"}
{"level":"error","message":"Invalid namespace specified: /collaborate.users","timestamp":"2026-04-20T07:28:36.225Z"}
{"level":"error","message":"Invalid token","timestamp":"2026-04-21T09:42:36.264Z"}
{"level":"error","message":"Invalid token","timestamp":"2026-04-21T09:42:36.276Z"}
{"level":"error","message":"Not Found -/api/v1/task/id=69e5daae03361d508401d3a1","timestamp":"2026-04-22T05:26:16.249Z"}
{"level":"error","message":"Not Found -/api/v1/task/id=69e5daae03361d508401d3a1","timestamp":"2026-04-22T05:26:16.249Z"}
{"level":"error","message":"Not Found -/api/v1/task/69e5daae03361d508401d3a1","timestamp":"2026-04-22T05:26:45.704Z"}
{"level":"error","message":"Not Found -/api/v1/task/69e5daae03361d508401d3a1","timestamp":"2026-04-22T05:26:45.705Z"}
{"level":"error","message":"Not Found -/api/v1/task/69e5daae03361d508401d3a1","timestamp":"2026-04-22T05:26:53.357Z"}
{"level":"error","message":"Not Found -/api/v1/task/69e5daae03361d508401d3a1","timestamp":"2026-04-22T05:26:53.357Z"}
{"level":"error","message":"Not authorized for this project","timestamp":"2026-04-22T05:28:20.904Z"}
{"level":"error","message":"Not authorized for this project","timestamp":"2026-04-22T05:28:40.668Z"}
{"level":"error","message":"Not authorized for this project","timestamp":"2026-04-22T05:29:48.879Z"}
{"level":"error","message":"Task validation failed: assignedTo: Cast to ObjectId failed for value \"\" (type string) at path \"assignedTo\" because of \"BSONError\"","timestamp":"2026-04-22T05:36:14.694Z"}
{"level":"error","message":"Task validation failed: assignedTo: Cast to ObjectId failed for value \"\" (type string) at path \"assignedTo\" because of \"BSONError\"","timestamp":"2026-04-22T05:36:31.582Z"}
{"level":"error","message":"Task validation failed: assignedTo: Cast to ObjectId failed for value \"\" (type string) at path \"assignedTo\" because of \"BSONError\"","timestamp":"2026-04-22T05:37:39.054Z"}
{"level":"error","message":"Task validation failed: assignedTo: Cast to ObjectId failed for value \"\" (type string) at path \"assignedTo\" because of \"BSONError\"","timestamp":"2026-04-22T05:40:21.437Z"}
{"level":"error","message":"Task validation failed: assignedTo: Cast to ObjectId failed for value \"\" (type string) at path \"assignedTo\" because of \"BSONError\"","timestamp":"2026-04-22T05:40:39.937Z"}
{"level":"error","message":"getaddrinfo EAI_AGAIN trainingcluster-shard-00-02.uvtxi.mongodb.net","timestamp":"2026-04-22T06:41:51.239Z"}
{"level":"error","message":"getaddrinfo EAI_AGAIN trainingcluster-shard-00-02.uvtxi.mongodb.net","timestamp":"2026-04-22T06:41:51.257Z"}
{"level":"error","message":"Not Found -/api/v1/me","timestamp":"2026-04-22T06:52:25.804Z"}
{"level":"error","message":"Not Found -/api/v1/me","timestamp":"2026-04-22T06:52:25.804Z"}
{"level":"error","message":"Not Found -/api/v1/me","timestamp":"2026-04-22T07:29:14.306Z"}
{"level":"error","message":"Not Found -/api/v1/me","timestamp":"2026-04-22T07:29:14.306Z"}
{"level":"error","message":"Not Found -/api/v1/me","timestamp":"2026-04-22T07:30:38.691Z"}
{"level":"error","message":"Not Found -/api/v1/me","timestamp":"2026-04-22T07:30:38.692Z"}
{"level":"error","message":"Not Found -/api/v1/users","timestamp":"2026-04-22T07:30:40.838Z"}
{"level":"error","message":"Not Found -/api/v1/users","timestamp":"2026-04-22T07:30:40.839Z"}
{"level":"error","message":"Not Found -/api/v1/me","timestamp":"2026-04-22T07:38:00.013Z"}
{"level":"error","message":"Not Found -/api/v1/me","timestamp":"2026-04-22T07:38:00.017Z"}
{"level":"error","message":"Not Found -/api/v1/me","timestamp":"2026-04-22T08:39:36.213Z"}
{"level":"error","message":"Not Found -/api/v1/me","timestamp":"2026-04-22T08:39:36.217Z"}
{"level":"error","message":"getaddrinfo EAI_AGAIN trainingcluster-shard-00-02.uvtxi.mongodb.net","timestamp":"2026-04-22T08:39:36.257Z"}
{"level":"error","message":"Not Found -/api/v1/me","timestamp":"2026-04-22T09:24:25.158Z"}
{"level":"error","message":"Not Found -/api/v1/me","timestamp":"2026-04-22T09:24:25.158Z"}
{"level":"error","message":"Not Found -/api/v1/me","timestamp":"2026-04-22T09:24:29.792Z"}
{"level":"error","message":"Not Found -/api/v1/me","timestamp":"2026-04-22T09:24:29.793Z"}
{"level":"error","message":"getaddrinfo EAI_AGAIN trainingcluster-shard-00-00.uvtxi.mongodb.net","timestamp":"2026-04-22T09:24:35.291Z"}
{"level":"error","message":"getaddrinfo EAI_AGAIN trainingcluster-shard-00-00.uvtxi.mongodb.net","timestamp":"2026-04-22T09:24:49.436Z"}
{"level":"error","message":"getaddrinfo EAI_AGAIN trainingcluster-shard-00-00.uvtxi.mongodb.net","timestamp":"2026-04-22T09:27:00.609Z"}
{"level":"error","message":"User not part of project","timestamp":"2026-04-22T09:28:14.806Z"}
{"level":"error","message":"User not part of project","timestamp":"2026-04-22T09:35:57.701Z"}
{"level":"error","message":"Invalid Credentials","timestamp":"2026-04-22T09:36:26.885Z"}
{"level":"error","message":"Invalid Credentials","timestamp":"2026-04-22T09:36:40.662Z"}
{"level":"error","message":"Invalid Credentials","timestamp":"2026-04-22T09:36:46.839Z"}
{"level":"error","message":"Invalid Credentials","timestamp":"2026-04-22T09:37:50.372Z"}
{"level":"error","message":"Invalid Credentials","timestamp":"2026-04-22T09:37:58.858Z"}
{"level":"error","message":"Invalid Credentials","timestamp":"2026-04-22T09:38:59.914Z"}
{"level":"error","message":"User not part of project","timestamp":"2026-04-22T09:39:30.461Z"}
{"level":"error","message":"Invalid token","timestamp":"2026-04-23T10:06:30.477Z"}
{"level":"error","message":"Unauthorized","timestamp":"2026-04-23T10:06:36.391Z"}
{"level":"error","message":"Not Found -/api/v1/comments/69e897afbeb772ae9e55e6ca","timestamp":"2026-04-25T07:09:31.456Z"}
{"level":"error","message":"Not Found -/api/v1/comments/69e897afbeb772ae9e55e6ca","timestamp":"2026-04-25T07:09:31.458Z"}
{"level":"error","message":"Not Found -/api/v1/activity/69e897afbeb772ae9e55e6ca","timestamp":"2026-04-25T07:09:31.460Z"}
{"level":"error","message":"Not Found -/api/v1/activity/69e897afbeb772ae9e55e6ca","timestamp":"2026-04-25T07:09:31.461Z"}
{"level":"error","message":"Not Found -/api/v1/comments/69e8979dbeb772ae9e55e6bf","timestamp":"2026-04-25T07:09:44.277Z"}
{"level":"error","message":"Not Found -/api/v1/comments/69e8979dbeb772ae9e55e6bf","timestamp":"2026-04-25T07:09:44.278Z"}
{"level":"error","message":"Not Found -/api/v1/activity/69e8979dbeb772ae9e55e6bf","timestamp":"2026-04-25T07:09:44.280Z"}
{"level":"error","message":"Not Found -/api/v1/activity/69e8979dbeb772ae9e55e6bf","timestamp":"2026-04-25T07:09:44.281Z"}
{"level":"error","message":"Not Found -/api/v1/comments/69e897afbeb772ae9e55e6ca","timestamp":"2026-04-25T07:11:00.030Z"}
{"level":"error","message":"Not Found -/api/v1/comments/69e897afbeb772ae9e55e6ca","timestamp":"2026-04-25T07:11:00.031Z"}
{"level":"error","message":"Not Found -/api/v1/activity/69e897afbeb772ae9e55e6ca","timestamp":"2026-04-25T07:11:00.043Z"}
{"level":"error","message":"Not Found -/api/v1/activity/69e897afbeb772ae9e55e6ca","timestamp":"2026-04-25T07:11:00.043Z"}
{"level":"error","message":"Not Found -/api/v1/comments/69e8979dbeb772ae9e55e6bf","timestamp":"2026-04-25T07:13:53.675Z"}
{"level":"error","message":"Not Found -/api/v1/comments/69e8979dbeb772ae9e55e6bf","timestamp":"2026-04-25T07:13:53.676Z"}
{"level":"error","message":"Not Found -/api/v1/activity/69e8979dbeb772ae9e55e6bf","timestamp":"2026-04-25T07:13:53.689Z"}
{"level":"error","message":"Not Found -/api/v1/activity/69e8979dbeb772ae9e55e6bf","timestamp":"2026-04-25T07:13:53.690Z"}
{"level":"error","message":"Cannot read properties of undefined (reading 'orgId')","timestamp":"2026-04-25T07:21:14.813Z"}
{"level":"error","message":"Cannot read properties of undefined (reading 'orgId')","timestamp":"2026-04-25T07:22:03.228Z"}
{"level":"error","message":"Invalid token","timestamp":"2026-04-27T04:58:43.577Z"}
{"level":"error","message":"Invalid token","timestamp":"2026-04-27T04:58:43.662Z"}
{"level":"error","message":"Not Found -/api/v1/activity/69e897afbeb772ae9e55e6ca","timestamp":"2026-04-27T07:36:25.923Z"}
{"level":"error","message":"Not Found -/api/v1/activity/69e897afbeb772ae9e55e6ca","timestamp":"2026-04-27T07:36:25.925Z"}
{"level":"error","message":"Comment cannot be empty","timestamp":"2026-04-27T07:38:11.440Z"}
{"level":"error","message":"Cast to ObjectId failed for value \"undefined\" (type string) at path \"_id\" for model \"Task\"","timestamp":"2026-04-27T10:02:42.510Z"}
{"level":"error","message":"Cast to ObjectId failed for value \"undefined\" (type string) at path \"_id\" for model \"Task\"","timestamp":"2026-04-27T10:02:48.036Z"}
{"level":"error","message":"Cast to ObjectId failed for value \"undefined\" (type string) at path \"_id\" for model \"Task\"","timestamp":"2026-04-27T10:02:56.752Z"}
{"level":"error","message":"Cast to ObjectId failed for value \"undefined\" (type string) at path \"_id\" for model \"Task\"","timestamp":"2026-04-27T10:03:48.556Z"}
{"level":"error","message":"Cast to ObjectId failed for value \"undefined\" (type string) at path \"_id\" for model \"Task\"","timestamp":"2026-04-27T11:20:04.142Z"}
{"level":"error","message":"Invalid token","timestamp":"2026-04-28T05:39:34.249Z"}
{"level":"error","message":"Invalid token","timestamp":"2026-04-28T05:39:34.265Z"}
{"level":"error","message":"Invalid Credentials","timestamp":"2026-04-28T05:53:13.008Z"}
{"level":"error","message":"Task validation failed: assignedTo: Cast to ObjectId failed for value \"Select User\" (type string) at path \"assignedTo\" because of \"BSONError\"","timestamp":"2026-04-28T06:30:05.189Z"}
{"level":"error","message":"Task validation failed: assignedTo: Cast to ObjectId failed for value \"\" (type string) at path \"assignedTo\" because of \"BSONError\"","timestamp":"2026-04-28T06:32:39.563Z"}
{"level":"error","message":"Task validation failed: assignedTo: Cast to ObjectId failed for value \"\" (type string) at path \"assignedTo\" because of \"BSONError\"","timestamp":"2026-04-28T06:33:30.531Z"}
{"level":"error","message":"Invite validation failed: role: `` is not a valid enum value for path `role`.","timestamp":"2026-04-28T11:15:30.241Z"}
{"level":"error","message":"User validation failed: password: Path `password` is required., email: Path `email` is required., name: Path `name` is required.","timestamp":"2026-04-28T11:18:41.745Z"}
{"level":"error","message":"User validation failed: password: Path `password` is required., email: Path `email` is required., name: Path `name` is required.","timestamp":"2026-04-28T11:18:55.558Z"}
{"level":"error","message":"toke is not defined","timestamp":"2026-04-28T11:21:03.364Z"}
{"level":"error","message":"User validation failed: password: Path `password` is required., email: Path `email` is required., name: Path `name` is required.","timestamp":"2026-04-28T11:21:15.528Z"}
{"level":"error","message":"User validation failed: email: Path `email` is required.","timestamp":"2026-04-28T11:23:58.614Z"}
{"level":"error","message":"Invalid Credentials","timestamp":"2026-04-28T11:26:31.922Z"}
{"level":"error","message":"Invalid Credentials","timestamp":"2026-04-28T11:26:43.405Z"}
{"level":"error","message":"Invalid Credentials","timestamp":"2026-04-28T11:27:11.284Z"}
{"level":"error","message":"User Not found","timestamp":"2026-04-28T11:28:49.665Z"}
{"level":"error","message":"User Not found","timestamp":"2026-04-28T11:30:44.267Z"}
{"level":"error","message":"Already send an Invitation","timestamp":"2026-04-28T12:02:30.539Z"}
{"level":"error","message":"Already send an Invitation","timestamp":"2026-04-28T12:03:34.569Z"}
{"level":"error","message":"Already send an Invitation","timestamp":"2026-04-28T12:03:46.663Z"}
{"level":"error","message":"Invalid Credentials","timestamp":"2026-04-28T12:06:45.970Z"}
{"level":"error","message":"Not authorized for this project","timestamp":"2026-04-28T12:07:44.066Z"}
{"level":"error","message":"Not Found -/api/v1/task?projectId=69e5daae03361d508401d3a1","timestamp":"2026-04-28T12:21:43.753Z"}
{"level":"error","message":"Not Found -/api/v1/task?projectId=69e5daae03361d508401d3a1","timestamp":"2026-04-28T12:21:43.761Z"}
{"level":"error","message":"Not authorized for this project","timestamp":"2026-04-28T12:22:36.410Z"}
{"level":"error","message":"You are not allowed to perform this action","timestamp":"2026-04-28T12:25:10.227Z"}
{"level":"error","message":"You are not allowed to perform this action","timestamp":"2026-04-28T12:25:23.511Z"}
{"level":"error","message":"connection <monitor> to 159.41.242.228:27017 timed out","timestamp":"2026-04-28T16:41:58.506Z"}
{"level":"error","message":"connection <monitor> to 159.41.242.228:27017 timed out","timestamp":"2026-04-28T16:41:58.525Z"}
{"level":"error","message":"connection <monitor> to 159.41.242.228:27017 timed out","timestamp":"2026-04-28T16:41:58.528Z"}
{"level":"error","message":"Socket 'secureConnect' timed out after 30011ms (connectTimeoutMS: 30000)","timestamp":"2026-04-28T16:42:18.633Z"}
{"level":"error","message":"Socket 'secureConnect' timed out after 30062ms (connectTimeoutMS: 30000)","timestamp":"2026-04-28T17:06:22.754Z"}
{"level":"error","message":"Not authorized for this project","timestamp":"2026-04-28T17:32:39.938Z"}
{"level":"error","message":"Not authorized for this project","timestamp":"2026-04-28T17:32:44.612Z"}
{"level":"error","message":"Not authorized for this project","timestamp":"2026-04-29T05:41:19.808Z"}
{"level":"error","message":"Not authorized for this project","timestamp":"2026-04-29T05:43:02.135Z"}
{"level":"error","message":"Invalid Invite","timestamp":"2026-04-29T07:00:14.990Z"}
{"level":"error","message":"Invalid Invite","timestamp":"2026-04-29T07:02:34.449Z"}
{"level":"error","message":"Invalid Invite","timestamp":"2026-04-29T07:02:42.452Z"}
{"level":"error","message":"Not authorized for this project","timestamp":"2026-04-29T07:04:01.362Z"}
{"level":"error","message":"Invalid login: 535-5.7.8 Username and Password not accepted. For more information, go to\n535 5.7.8  https://support.google.com/mail/?p=BadCredentials d2e1a72fcca58-834ed6dd628sm1083457b3a.37 - gsmtp","timestamp":"2026-04-29T07:04:33.065Z"}
{"level":"error","message":"Already send an Invitation","timestamp":"2026-04-29T07:04:51.841Z"}
{"level":"error","message":"Invalid login: 535-5.7.8 Username and Password not accepted. For more information, go to\n535 5.7.8  https://support.google.com/mail/?p=BadCredentials 41be03b00d2f7-c7fd64f219dsm1066202a12.18 - gsmtp","timestamp":"2026-04-29T07:05:14.430Z"}
{"level":"error","message":"Invalid login: 535-5.7.8 Username and Password not accepted. For more information, go to\n535 5.7.8  https://support.google.com/mail/?p=BadCredentials d2e1a72fcca58-834ed6debe4sm1005889b3a.36 - gsmtp","timestamp":"2026-04-29T07:07:42.098Z"}
{"level":"error","message":"You are not allowed to perform this action","timestamp":"2026-04-29T08:12:08.817Z"}
{"level":"error","message":"Not authorized for this project","timestamp":"2026-04-29T08:12:22.818Z"}
{"level":"error","message":"Not authorized for this project","timestamp":"2026-04-29T08:12:26.740Z"}
{"level":"error","message":"Not authorized for this project","timestamp":"2026-04-29T08:12:27.477Z"}
{"level":"error","message":"Not authorized for this project","timestamp":"2026-04-29T08:12:27.668Z"}
{"level":"error","message":"Not authorized for this project","timestamp":"2026-04-29T08:12:31.044Z"}
{"level":"error","message":"You are not allowed to perform this action","timestamp":"2026-04-29T08:21:06.593Z"}
{"level":"error","message":"Invalid token","timestamp":"2026-04-29T09:07:02.002Z"}
{"level":"error","message":"Invalid token","timestamp":"2026-04-29T09:07:02.006Z"}
{"level":"error","message":"Cannot destructure property 'userId' of 'req.body' as it is undefined.","timestamp":"2026-04-29T09:26:26.511Z"}
{"level":"error","message":"Cannot destructure property 'userId' of 'req.body' as it is undefined.","timestamp":"2026-04-29T09:26:38.528Z"}
{"level":"error","message":"Cannot destructure property 'userId' of 'req.body' as it is undefined.","timestamp":"2026-04-29T09:27:53.884Z"}
{"level":"error","message":"Cast to ObjectId failed for value \"{selectedProjectId}\" (type string) at path \"_id\" for model \"Project\"","timestamp":"2026-04-29T09:30:31.760Z"}
{"level":"error","message":"Cast to ObjectId failed for value \"{selectedProjectId}\" (type string) at path \"_id\" for model \"Project\"","timestamp":"2026-04-29T09:31:40.442Z"}
{"level":"error","message":"Cast to ObjectId failed for value \"{selectedProjectId}\" (type string) at path \"_id\" for model \"Project\"","timestamp":"2026-04-29T09:32:24.265Z"}
{"level":"error","message":"Cast to ObjectId failed for value \"{selectedProjectId}\" (type string) at path \"_id\" for model \"Project\"","timestamp":"2026-04-29T09:34:55.933Z"}
{"level":"error","message":"Cast to ObjectId failed for value \"{selectedProjectId}\" (type string) at path \"_id\" for model \"Project\"","timestamp":"2026-04-29T09:40:41.499Z"}
{"level":"error","message":"Cast to ObjectId failed for value \"[object Object]\" (type string) at path \"_id\" for model \"Project\"","timestamp":"2026-04-29T09:56:26.240Z"}
{"level":"error","message":"Cast to ObjectId failed for value \"[object Object]\" (type string) at path \"_id\" for model \"Project\"","timestamp":"2026-04-29T09:58:03.463Z"}
{"level":"error","message":"Cast to ObjectId failed for value \"[object Object]\" (type string) at path \"_id\" for model \"Project\"","timestamp":"2026-04-29T10:01:37.910Z"}
{"level":"error","message":"Cast to ObjectId failed for value \"[object Object]\" (type string) at path \"_id\" for model \"Project\"","timestamp":"2026-04-29T10:04:48.963Z"}
{"level":"error","message":"Cast to ObjectId failed for value \"{selectedProjectId}\" (type string) at path \"_id\" for model \"Project\"","timestamp":"2026-04-29T10:06:41.544Z"}
{"level":"error","message":"Cast to ObjectId failed for value \"{selectedProjectId}\" (type string) at path \"_id\" for model \"Project\"","timestamp":"2026-04-29T10:07:03.775Z"}
{"level":"error","message":"Cast to ObjectId failed for value \"{selectedProjectId}\" (type string) at path \"_id\" for model \"Project\"","timestamp":"2026-04-29T10:10:49.628Z"}
{"level":"error","message":"Cast to ObjectId failed for value \"[object Object]\" (type string) at path \"_id\" for model \"Project\"","timestamp":"2026-04-29T10:11:04.436Z"}
{"level":"error","message":"You are not allowed to perform this action","timestamp":"2026-04-29T10:31:13.950Z"}
{"level":"error","message":"You are not allowed to perform this action","timestamp":"2026-04-29T10:31:19.341Z"}
{"level":"error","message":"You are not allowed to perform this action","timestamp":"2026-04-29T10:31:25.193Z"}
{"level":"error","message":"You are not allowed to perform this action","timestamp":"2026-04-29T10:40:39.514Z"}
{"level":"error","message":"You are not allowed to perform this action","timestamp":"2026-04-29T10:40:48.888Z"}
{"level":"error","message":"You are not allowed to perform this action","timestamp":"2026-04-29T10:40:49.784Z"}
{"level":"error","message":"You are not allowed to perform this action","timestamp":"2026-04-29T10:40:56.603Z"}
{"level":"error","message":"Not allowed","timestamp":"2026-04-29T10:41:13.936Z"}
